
> orbital-folio@0.1.0 test
> node --test --test-concurrency=1 tests/*.test.mjs

✔ Contact messages are durable, private, honest, bounded, and rate limited (178.393875ms)
✔ Flight destinations preserve public and private readable URLs (1.101208ms)
✔ Fixed flights ease continuously and pointer translations stay bounded (1.19025ms)
✔ In-place navigation and server rendering share editable metadata (0.134167ms)
▶ Persistent portfolio workflows and security boundaries
  ✔ anonymous and forged identities cannot read or mutate the studio (94.54925ms)
  ✔ local SIWC sign-in and first-owner claim work without a default password (58.913792ms)
  ✔ CSRF, malformed bodies, and immutable site protection reject safely (48.482292ms)
  ✔ published snapshots stay stable while drafts change; optimistic conflicts reject (318.931458ms)
  ✔ collections grow beyond scene capacity, order correctly, and reject concurrent slug collisions (139.908166ms)
  ✔ another owner can replace every site field through the authenticated content interface (292.066666ms)
  ✔ media bytes persist privately, publish safely, and appear in a project (147.838709ms)
  ✔ script text is escaped and portable exports exclude credentials and inquiries (80.54775ms)
  ✔ all public content is present in plain HTTP HTML with meaningful metadata and URLs (301.451292ms)
  ✔ local sign-out clears the session cookie (40.917ms)
✔ Persistent portfolio workflows and security boundaries (1978.786208ms)
ℹ tests 15
ℹ suites 0
ℹ pass 15
ℹ fail 0
ℹ cancelled 0
ℹ skipped 0
ℹ todo 0
ℹ duration_ms 8433.856041
