
> orbital-folio@0.1.0 test
> node --test --test-concurrency=1 tests/*.test.mjs

✔ Rapid hover reversals preserve velocity and respect speed/acceleration at30/60/120Hz (1.484834ms)
✔ Camera springs converge and frozen/invalid deltas cannot advance motion (0.933292ms)
✔ Interactive-view migration updates default labels without overwriting custom or unpublished content (2.146875ms)
✔ Contact messages are durable, private, honest, bounded, and rate limited (285.376417ms)
✔ Flight destinations preserve public and private readable URLs (0.94525ms)
✔ Fixed flights ease continuously and pointer translations stay bounded (1.002208ms)
✔ In-place navigation and server rendering share editable metadata (0.116041ms)
✔ Cursor rotation stays bounded and damping is independent of refresh rate (0.123833ms)
▶ Persistent portfolio workflows and security boundaries
  ✔ anonymous and forged identities cannot read or mutate the studio (116.68625ms)
  ✔ local SIWC sign-in and first-owner claim work without a default password (16.58725ms)
  ✔ CSRF, malformed bodies, and immutable site protection reject safely (68.890917ms)
  ✔ published snapshots stay stable while drafts change; optimistic conflicts reject (455.084583ms)
  ✔ collections grow beyond scene capacity, order correctly, and reject concurrent slug collisions (169.085083ms)
  ✔ another owner can replace every site field through the authenticated content interface (362.852667ms)
  ✔ sample badges are confined to demo mode and private preview (284.404ms)
  ✔ media bytes persist privately, publish safely, and appear in a project (177.51075ms)
  ✔ script text is escaped and portable exports exclude credentials and inquiries (87.277125ms)
  ✔ all public content is present in plain HTTP HTML with meaningful metadata and URLs (948.410625ms)
  ✔ local sign-out clears the session cookie (6.190292ms)
✔ Persistent portfolio workflows and security boundaries (3439.013458ms)
ℹ tests 20
ℹ suites 0
ℹ pass 20
ℹ fail 0
ℹ cancelled 0
ℹ skipped 0
ℹ todo 0
ℹ duration_ms 10079.834875
