[
  {
    "viewport": [
      2560,
      600
    ],
    "state": "orientation-resize-1/overview-camera-roll-0/drag",
    "angles": [
      -0.18,
      -0.32
    ],
    "layoutRollRadians": 1.5707963267948966,
    "viewportCompositionRadians": 0,
    "expandedHalfSpaceRows": [
      469.333251953125,
      1936.4033468749117
    ],
    "exactUnperturbedRows": [
      563.6915922362064,
      1443.0538159259854
    ],
    "perturbedFrusta": 729,
    "visiblePerturbedFrusta": 729,
    "exactPerturbedRows": [
      512,
      1486.4501782557581
    ],
    "textureOverflow": 0,
    "filteringFailure": 0,
    "worst": {
      "translation": [
        0,
        0,
        0.25
      ],
      "rotationQuaternion": [
        -0.02770018541701239,
        -0.02770018541701239,
        -0.02770018541701239,
        0.9988483864849507
      ],
      "sourcePixelRows": [
        597.333251953125,
        1486.4501782557581
      ]
    }
  },
  {
    "viewport": [
      4096,
      768
    ],
    "state": "orientation-resize-0.75/overview-camera-roll-0/drag",
    "angles": [
      -0.18,
      -0.32
    ],
    "layoutRollRadians": 1.5707963267948966,
    "viewportCompositionRadians": 0.39269908169872414,
    "expandedHalfSpaceRows": [
      469.333251953125,
      1875.9225450845702
    ],
    "exactUnperturbedRows": [
      512,
      1422.9427809460294
    ],
    "perturbedFrusta": 729,
    "visiblePerturbedFrusta": 729,
    "exactPerturbedRows": [
      469.333251953125,
      1462.9882660243898
    ],
    "textureOverflow": 0,
    "filteringFailure": 0,
    "worst": {
      "translation": [
        0,
        0,
        0.25
      ],
      "rotationQuaternion": [
        0,
        -0.04797812852134394,
        0,
        0.9988483864849507
      ],
      "sourcePixelRows": [
        512,
        1462.9882660243898
      ]
    }
  },
  {
    "viewport": [
      4096,
      768
    ],
    "state": "orientation-resize-1/overview-camera-roll-0/drag",
    "angles": [
      -0.18,
      -0.32
    ],
    "layoutRollRadians": 1.5707963267948966,
    "viewportCompositionRadians": 0,
    "expandedHalfSpaceRows": [
      469.333251953125,
      2012.2899742943277
    ],
    "exactUnperturbedRows": [
      564.5532935990709,
      1467.915313557869
    ],
    "perturbedFrusta": 729,
    "visiblePerturbedFrusta": 729,
    "exactPerturbedRows": [
      512,
      1515.6639022211752
    ],
    "textureOverflow": 0,
    "filteringFailure": 0,
    "worst": {
      "translation": [
        0,
        0,
        0.25
      ],
      "rotationQuaternion": [
        -0.02770018541701239,
        -0.02770018541701239,
        -0.02770018541701239,
        0.9988483864849507
      ],
      "sourcePixelRows": [
        597.333251953125,
        1515.6639022211752
      ]
    }
  },
  {
    "viewport": [
      4096,
      768
    ],
    "state": "orientation-resize-1/overview-camera-roll-0.25/drag",
    "angles": [
      -0.18,
      -0.32
    ],
    "layoutRollRadians": 1.1780972450961724,
    "viewportCompositionRadians": 0,
    "expandedHalfSpaceRows": [
      469.333251953125,
      1875.922545084571
    ],
    "exactUnperturbedRows": [
      512,
      1422.9427809460299
    ],
    "perturbedFrusta": 729,
    "visiblePerturbedFrusta": 729,
    "exactPerturbedRows": [
      469.333251953125,
      1463.034569155173
    ],
    "textureOverflow": 0,
    "filteringFailure": 0,
    "worst": {
      "translation": [
        0,
        0,
        0.25
      ],
      "rotationQuaternion": [
        0,
        -0.04797812852134394,
        0,
        0.9988483864849507
      ],
      "sourcePixelRows": [
        512,
        1463.034569155173
      ]
    }
  }
]
