{
  "desktop": {
    "ordinary": {
      "scenarios": 53277,
      "visibleScenarios": 37794,
      "exactSourceRows": [
        469.333251953125,
        1448.2814654519307
      ],
      "guardedSourceRows": [
        469.333251953125,
        1782.0734017246732
      ],
      "guardedMargins": {
        "north": 85.333251953125,
        "south": 137.9265982753268
      },
      "exactCropFailures": 0,
      "exact64RowMarginFailures": 0,
      "guardedCropFailures": 0,
      "guarded64RowMarginFailures": 0,
      "guardedMinimumSeamClearance": 115.3125,
      "guardedExceptions": 0
    },
    "portraitCubicTravel": {
      "scenarios": 38272,
      "visibleScenarios": 27008,
      "exactSourceRows": [
        469.333251953125,
        1308.7668118363822
      ],
      "guardedSourceRows": [
        469.333251953125,
        1629.7325681309371
      ],
      "guardedMargins": {
        "north": 85.333251953125,
        "south": 290.2674318690629
      },
      "exactCropFailures": 0,
      "exact64RowMarginFailures": 0,
      "guardedCropFailures": 0,
      "guarded64RowMarginFailures": 0,
      "guardedMinimumSeamClearance": 115.3125,
      "guardedExceptions": 0
    },
    "orientationResizeCrossProduct": {
      "scenarios": 4505,
      "visibleScenarios": 3797,
      "exactSourceRows": [
        469.333251953125,
        1593.314920539664
      ],
      "guardedSourceRows": [
        469.333251953125,
        2012.2899742943277
      ],
      "guardedMargins": {
        "north": 85.333251953125,
        "south": -92.28997429432775
      },
      "exactCropFailures": 0,
      "exact64RowMarginFailures": 0,
      "guardedCropFailures": 2,
      "guarded64RowMarginFailures": 4,
      "guardedMinimumSeamClearance": 115.3125,
      "guardedExceptions": 4
    }
  },
  "mobile": {
    "ordinary": {
      "scenarios": 53277,
      "visibleScenarios": 37759,
      "exactSourceRows": [
        512,
        1440.4690347057726
      ],
      "guardedSourceRows": [
        512,
        1782.0030818615319
      ],
      "guardedMargins": {
        "north": 128,
        "south": 137.99691813846812
      },
      "exactCropFailures": 0,
      "exact64RowMarginFailures": 0,
      "guardedCropFailures": 0,
      "guarded64RowMarginFailures": 0,
      "guardedMinimumSeamClearance": 116.25000715255737,
      "guardedExceptions": 0
    },
    "portraitCubicTravel": {
      "scenarios": 38272,
      "visibleScenarios": 26968,
      "exactSourceRows": [
        512,
        1308.4170365078594
      ],
      "guardedSourceRows": [
        512,
        1632.551179371514
      ],
      "guardedMargins": {
        "north": 128,
        "south": 287.4488206284859
      },
      "exactCropFailures": 0,
      "exact64RowMarginFailures": 0,
      "guardedCropFailures": 0,
      "guarded64RowMarginFailures": 0,
      "guardedMinimumSeamClearance": 116.25000715255737,
      "guardedExceptions": 0
    },
    "orientationResizeCrossProduct": {
      "scenarios": 4505,
      "visibleScenarios": 3796,
      "exactSourceRows": [
        512,
        1600
      ],
      "guardedSourceRows": [
        512,
        2012.9298020697447
      ],
      "guardedMargins": {
        "north": 128,
        "south": -92.92980206974471
      },
      "exactCropFailures": 0,
      "exact64RowMarginFailures": 0,
      "guardedCropFailures": 2,
      "guarded64RowMarginFailures": 4,
      "guardedMinimumSeamClearance": 116.25000715255737,
      "guardedExceptions": 4
    }
  }
}
