{
  "output": "/Users/mikaelvincent/Documents/GitHub/orbital-folio/docs/evidence/portrait-continuous-flight/coverage-desktop.json",
  "mesh": "desktop128x96",
  "scenarios": 57782,
  "visibleScenarios": 41591,
  "latitudeRange": [
    19.981278,
    69.375004
  ],
  "original8192x4096PixelRows": [
    469,
    1594
  ],
  "maxSimultaneousLongitudeSpan": 87.1875,
  "maxSameLatitudeLongitudeSpan": 84.375,
  "continuousPoseNeighborhood": {
    "positionTolerance": 0.25,
    "planeAngleToleranceDegrees": 5.5,
    "sourcePixelRows": [
      469.333251953125,
      2012.2899742943277
    ],
    "fixedSeamClearanceDegrees": 115.3125,
    "conservativeGlobalLongitudeSpan": 87.1875,
    "note": "A mathematical superset for any camera within the stated translation distance and frustum-plane angular difference of an audited pose. This is not a proof that every production trajectory or unbounded viewport is covered by those neighborhoods."
  },
  "fixedLongitudeRange": [
    -22.5,
    64.6875
  ],
  "minimumFixedAntimeridianClearanceDegrees": 115.3125,
  "proposedOriginalPixelCrop": {
    "x": 3712,
    "y": 384,
    "width": 2560,
    "height": 1536,
    "longitudePeriodDegrees": 112.5,
    "repeatPeriodSecondsAt0045RadSec": 436.33231299858244,
    "latitudeRange": [
      5.625,
      73.125
    ],
    "baseFootprintMinimumHeightRows": 1544,
    "guardedCropMarginRows": {
      "north": 85.333251953125,
      "south": -92.28997429432775
    },
    "filteringAllowance": {
      "rowsEachEdge": 64,
      "includedWithinCrop": false,
      "recommendedGridMultiple": 128,
      "minimumGridAlignedHeightWith64RowAllowance": 1792,
      "scope": "Practical authored margin; not a guarantee of pixel equality at every mip level. Coarse mip texels can summarize arbitrarily remote rows."
    },
    "textureRepeat": [
      3.2,
      2.6666666666666665
    ],
    "textureOffset": [
      -1.45,
      -1.4166666666666667
    ],
    "fixedSphereUvSeam": {
      "usesScrollingUv": true,
      "sampledSeamClearanceDegrees": 115.3125,
      "guardedSeamClearanceDegrees": 115.3125,
      "integerLongitudinalRepeat": false,
      "u0WrappedPhase": 0.55,
      "u1WrappedPhase": 0.7500000000000002,
      "phaseDifference": 0.20000000000000018,
      "completeTurnTexturePeriods": 3.2,
      "wouldRemainContinuousIfSphereRotated": false,
      "remainingCheck": "Authored first/last columns and filtered mip levels must be visually continuous; this audit does not decode or sample image pixels."
    },
    "sampledLongitudeSpanMarginDegrees": 25.3125,
    "sampledLatitudeMarginDegrees": {
      "north": 3.749996,
      "south": 14.356278
    },
    "caveat": "Finite sampled coverage, not a proof for arbitrary browser aspect ratios or every spring trajectory. Crop retains original texel density; source/repaint quality and visual continuity require image checks."
  },
  "tileCandidates": [
    {
      "width": 1536,
      "longitudePeriodDegrees": 67.5,
      "periodSeconds": 261.79938779914943,
      "sampledSameLatitudeSpanMarginDegrees": -16.875,
      "sampledSpanMarginDegrees": -19.6875
    },
    {
      "width": 2048,
      "longitudePeriodDegrees": 90,
      "periodSeconds": 349.0658503988659,
      "sampledSameLatitudeSpanMarginDegrees": 5.625,
      "sampledSpanMarginDegrees": 2.8125
    },
    {
      "width": 2304,
      "longitudePeriodDegrees": 101.25,
      "periodSeconds": 392.69908169872417,
      "sampledSameLatitudeSpanMarginDegrees": 16.875,
      "sampledSpanMarginDegrees": 14.0625
    },
    {
      "width": 2560,
      "longitudePeriodDegrees": 112.5,
      "periodSeconds": 436.33231299858244,
      "sampledSameLatitudeSpanMarginDegrees": 28.125,
      "sampledSpanMarginDegrees": 25.3125
    },
    {
      "width": 3072,
      "longitudePeriodDegrees": 135,
      "periodSeconds": 523.5987755982989,
      "sampledSameLatitudeSpanMarginDegrees": 50.625,
      "sampledSpanMarginDegrees": 47.8125
    },
    {
      "width": 3584,
      "longitudePeriodDegrees": 157.5,
      "periodSeconds": 610.8652381980154,
      "sampledSameLatitudeSpanMarginDegrees": 73.125,
      "sampledSpanMarginDegrees": 70.3125
    },
    {
      "width": 4096,
      "longitudePeriodDegrees": 180,
      "periodSeconds": 698.1317007977318,
      "sampledSameLatitudeSpanMarginDegrees": 95.625,
      "sampledSpanMarginDegrees": 92.8125
    }
  ],
  "byViewport": [
    {
      "viewport": [
        1280,
        720
      ],
      "verticalFieldOfView": 38,
      "longitudeMaxSpan": 81.5625,
      "latitudeRange": [
        30.768602,
        69.375004
      ],
      "fixedAntimeridianClearance": 115.3125
    },
    {
      "viewport": [
        1440,
        900
      ],
      "verticalFieldOfView": 38,
      "longitudeMaxSpan": 78.75,
      "latitudeRange": [
        31.447637,
        69.375004
      ],
      "fixedAntimeridianClearance": 115.3125
    },
    {
      "viewport": [
        1920,
        1080
      ],
      "verticalFieldOfView": 38,
      "longitudeMaxSpan": 81.5625,
      "latitudeRange": [
        30.796695,
        69.375004
      ],
      "fixedAntimeridianClearance": 115.3125
    },
    {
      "viewport": [
        2560,
        1080
      ],
      "verticalFieldOfView": 38,
      "longitudeMaxSpan": 84.375,
      "latitudeRange": [
        28.716383,
        69.375004
      ],
      "fixedAntimeridianClearance": 115.3125
    },
    {
      "viewport": [
        2560,
        600
      ],
      "verticalFieldOfView": 38,
      "longitudeMaxSpan": 87.1875,
      "latitudeRange": [
        23.355542,
        69.375004
      ],
      "fixedAntimeridianClearance": 115.3125
    },
    {
      "viewport": [
        1024,
        768
      ],
      "verticalFieldOfView": 38,
      "longitudeMaxSpan": 73.125,
      "latitudeRange": [
        32.886176,
        69.375004
      ],
      "fixedAntimeridianClearance": 118.125
    },
    {
      "viewport": [
        768,
        1024
      ],
      "verticalFieldOfView": 49.32004031465512,
      "longitudeMaxSpan": 73.125,
      "latitudeRange": [
        31.872089,
        69.375004
      ],
      "fixedAntimeridianClearance": 118.125
    },
    {
      "viewport": [
        390,
        844
      ],
      "verticalFieldOfView": 73.38403101444618,
      "longitudeMaxSpan": 84.375,
      "latitudeRange": [
        23.166098,
        69.375004
      ],
      "fixedAntimeridianClearance": 115.3125
    },
    {
      "viewport": [
        360,
        800
      ],
      "verticalFieldOfView": 74.84444386931332,
      "longitudeMaxSpan": 84.375,
      "latitudeRange": [
        22.5,
        69.375004
      ],
      "fixedAntimeridianClearance": 115.3125
    },
    {
      "viewport": [
        844,
        390
      ],
      "verticalFieldOfView": 38,
      "longitudeMaxSpan": 84.375,
      "latitudeRange": [
        29.812097,
        69.375004
      ],
      "fixedAntimeridianClearance": 115.3125
    },
    {
      "viewport": [
        768,
        4096
      ],
      "verticalFieldOfView": 78,
      "longitudeMaxSpan": 77.787704,
      "latitudeRange": [
        25.496061,
        69.375004
      ],
      "fixedAntimeridianClearance": 118.125
    },
    {
      "viewport": [
        320,
        568
      ],
      "verticalFieldOfView": 62.865004932483515,
      "longitudeMaxSpan": 81.5625,
      "latitudeRange": [
        28.597345,
        69.375004
      ],
      "fixedAntimeridianClearance": 115.3125
    },
    {
      "viewport": [
        320,
        1200
      ],
      "verticalFieldOfView": 78,
      "longitudeMaxSpan": 78.75,
      "latitudeRange": [
        22.571776,
        69.375004
      ],
      "fixedAntimeridianClearance": 115.730766
    },
    {
      "viewport": [
        1080,
        1920
      ],
      "verticalFieldOfView": 62.94476672485322,
      "longitudeMaxSpan": 81.5625,
      "latitudeRange": [
        28.630597,
        69.375004
      ],
      "fixedAntimeridianClearance": 115.3125
    },
    {
      "viewport": [
        4096,
        768
      ],
      "verticalFieldOfView": 38,
      "longitudeMaxSpan": 87.1875,
      "latitudeRange": [
        19.981278,
        69.375004
      ],
      "fixedAntimeridianClearance": 115.3125
    },
    {
      "viewport": [
        700,
        701
      ],
      "verticalFieldOfView": 38.0503849447693,
      "longitudeMaxSpan": 66.439549,
      "latitudeRange": [
        34.718706,
        69.375004
      ],
      "fixedAntimeridianClearance": 120.9375
    },
    {
      "viewport": [
        701,
        700
      ],
      "verticalFieldOfView": 38,
      "longitudeMaxSpan": 66.182569,
      "latitudeRange": [
        34.777953,
        69.375004
      ],
      "fixedAntimeridianClearance": 120.9375
    }
  ],
  "maximumSpanScenarios": [
    {
      "viewport": [
        2560,
        600
      ],
      "state": "overview/drag",
      "angles": [
        -0.18,
        -0.32
      ],
      "layoutRollRadians": 0,
      "longitude": {
        "start": -22.5,
        "endUnwrapped": 64.6875,
        "span": 87.1875
      },
      "latitude": [
        44.695732,
        67.5
      ],
      "sourcePixelRows": [
        512,
        1030.9237819188243
      ],
      "maximumSameLatitudeLongitudeSpan": 84.375
    },
    {
      "viewport": [
        2560,
        600
      ],
      "state": "overview/hover-projects-with-drag",
      "angles": [
        -0.18,
        -0.32
      ],
      "layoutRollRadians": 0,
      "longitude": {
        "start": -22.5,
        "endUnwrapped": 64.6875,
        "span": 87.1875
      },
      "latitude": [
        44.70024,
        67.5
      ],
      "sourcePixelRows": [
        512,
        1030.8212128144582
      ],
      "maximumSameLatitudeLongitudeSpan": 84.375
    },
    {
      "viewport": [
        2560,
        600
      ],
      "state": "overview/hover-experience-with-drag",
      "angles": [
        -0.18,
        -0.32
      ],
      "layoutRollRadians": 0,
      "longitude": {
        "start": -22.5,
        "endUnwrapped": 64.6875,
        "span": 87.1875
      },
      "latitude": [
        44.70076,
        67.5
      ],
      "sourcePixelRows": [
        512,
        1030.8093751780466
      ],
      "maximumSameLatitudeLongitudeSpan": 84.375
    },
    {
      "viewport": [
        2560,
        600
      ],
      "state": "overview/hover-about-with-drag",
      "angles": [
        -0.18,
        -0.32
      ],
      "layoutRollRadians": 0,
      "longitude": {
        "start": -22.5,
        "endUnwrapped": 64.6875,
        "span": 87.1875
      },
      "latitude": [
        44.699443,
        67.5
      ],
      "sourcePixelRows": [
        512,
        1030.8393395606022
      ],
      "maximumSameLatitudeLongitudeSpan": 84.375
    },
    {
      "viewport": [
        2560,
        600
      ],
      "state": "overview/hover-contact-with-drag",
      "angles": [
        -0.18,
        -0.32
      ],
      "layoutRollRadians": 0,
      "longitude": {
        "start": -22.5,
        "endUnwrapped": 64.6875,
        "span": 87.1875
      },
      "latitude": [
        44.699963,
        67.5
      ],
      "sourcePixelRows": [
        512,
        1030.827501924191
      ],
      "maximumSameLatitudeLongitudeSpan": 84.375
    },
    {
      "viewport": [
        2560,
        600
      ],
      "state": "orientation-resize-0/overview-camera-roll-0/drag",
      "angles": [
        -0.18,
        -0.32
      ],
      "layoutRollRadians": 1.5707963267948966,
      "longitude": {
        "start": -22.5,
        "endUnwrapped": 64.6875,
        "span": 87.1875
      },
      "latitude": [
        44.695732,
        67.5
      ],
      "sourcePixelRows": [
        512,
        1030.9237819188252
      ],
      "maximumSameLatitudeLongitudeSpan": 84.375
    },
    {
      "viewport": [
        2560,
        600
      ],
      "state": "orientation-resize-0.25/overview-camera-roll-0/neutral",
      "angles": [
        0,
        0
      ],
      "layoutRollRadians": 1.5707963267948966,
      "longitude": {
        "start": -22.5,
        "endUnwrapped": 64.6875,
        "span": 87.1875
      },
      "latitude": [
        41.184665,
        67.5
      ],
      "sourcePixelRows": [
        512,
        1110.8200779320496
      ],
      "maximumSameLatitudeLongitudeSpan": 84.375
    },
    {
      "viewport": [
        2560,
        600
      ],
      "state": "orientation-resize-0.25/overview-camera-roll-0/drag",
      "angles": [
        -0.18,
        -0.32
      ],
      "layoutRollRadians": 1.5707963267948966,
      "longitude": {
        "start": -22.5,
        "endUnwrapped": 64.6875,
        "span": 87.1875
      },
      "latitude": [
        27.095172,
        69.375004
      ],
      "sourcePixelRows": [
        469.333251953125,
        1431.4343005659389
      ],
      "maximumSameLatitudeLongitudeSpan": 84.375
    },
    {
      "viewport": [
        2560,
        600
      ],
      "state": "orientation-resize-0.25/overview-camera-roll-0.25/drag",
      "angles": [
        -0.18,
        -0.32
      ],
      "layoutRollRadians": 1.1780972450961724,
      "longitude": {
        "start": -22.5,
        "endUnwrapped": 64.6875,
        "span": 87.1875
      },
      "latitude": [
        44.695732,
        67.5
      ],
      "sourcePixelRows": [
        512,
        1030.9237819188256
      ],
      "maximumSameLatitudeLongitudeSpan": 84.375
    },
    {
      "viewport": [
        2560,
        600
      ],
      "state": "orientation-resize-0.5/overview-camera-roll-0.25/neutral",
      "angles": [
        0,
        0
      ],
      "layoutRollRadians": 1.1780972450961724,
      "longitude": {
        "start": -22.5,
        "endUnwrapped": 64.6875,
        "span": 87.1875
      },
      "latitude": [
        41.184665,
        67.5
      ],
      "sourcePixelRows": [
        512,
        1110.8200779320487
      ],
      "maximumSameLatitudeLongitudeSpan": 84.375
    },
    {
      "viewport": [
        2560,
        600
      ],
      "state": "orientation-resize-0.5/overview-camera-roll-0.25/drag",
      "angles": [
        -0.18,
        -0.32
      ],
      "layoutRollRadians": 1.1780972450961724,
      "longitude": {
        "start": -22.5,
        "endUnwrapped": 64.6875,
        "span": 87.1875
      },
      "latitude": [
        27.095172,
        69.375004
      ],
      "sourcePixelRows": [
        469.333251953125,
        1431.4343005659375
      ],
      "maximumSameLatitudeLongitudeSpan": 84.375
    },
    {
      "viewport": [
        2560,
        600
      ],
      "state": "orientation-resize-0.5/overview-camera-roll-0.5/drag",
      "angles": [
        -0.18,
        -0.32
      ],
      "layoutRollRadians": 0.7853981633974483,
      "longitude": {
        "start": -22.5,
        "endUnwrapped": 64.6875,
        "span": 87.1875
      },
      "latitude": [
        44.695732,
        67.5
      ],
      "sourcePixelRows": [
        512,
        1030.9237819188247
      ],
      "maximumSameLatitudeLongitudeSpan": 84.375
    }
  ]
}
