✔ Live surfaces swap lazily without moving geographic pose, preview clock, camera or sky (40.586625ms)
✔ Day selection keeps rotation running while loading and supports geographic controls after installation (14.798208ms)
✔ Failed replacements retain the working image and allow retry without losing form state (11.658333ms)
✔ Canceling an alternative aborts stale decoding, closes its late bitmap and keeps the displayed surface (8.253458ms)
✔ A switch during startup discards the initial injected result and the latest requested asset wins (8.476334ms)
✔ Disposal while replacing releases current and late resources exactly once without later invalidations (6.965833ms)
✔ Historical day defaults preserve their authored Euler orientation and absolute active clock (8.025208ms)
✔ Settings are versioned, exact round trips and strictly reject invalid imports (1.798583ms)
✔ Model settings round trip both appearances and retain compatibility with copied night-only settings (0.195958ms)
✔ Preview speed changes preserve phase, pause and seek without accelerating sky or camera (33.848375ms)
✔ Saved rotation rate stays separate from fast-forward, zero stays still, and reset restores production time (20.383583ms)
✔ Explicit preview Play can run under reduced motion, waits for readiness, and never double counts time (7.924875ms)
✔ Using the visible frame as the opening survives export/import, resize and full revolutions exactly (16.059708ms)
✔ Preview reuses the loaded scene resources through edits, navigation, resizing and disposal (7.306ms)
✔ Satellite environment wide preserves framing, active clock and owns resources (20.756792ms)
✔ Satellite environment compact preserves framing, active clock and owns resources (8.809083ms)
✔ Disposal before injected texture installation releases it without invalidating (11.097542ms)
✔ Failed asset keeps an inexpensive ocean and reports failure, without weather generation (23.358625ms)
✔ Audit resolution options preserve one renderer while accounting for each asset size (33.232583ms)
✔ Earth texture decodes once with explicit orientation/color settings and transfers ownership (20.762916ms)
✔ Earth loader reports missing/invalid transfer size without inventing zero (0.816792ms)
✔ Earth loader rejects wrong dimensions and closes its rejected bitmap (0.35ms)
✔ Earth loader propagates fetch and decode failures (0.490792ms)
✔ Earth loader does not fetch when already aborted, or decode an aborted body (0.235417ms)
✔ Aborting in-flight decode rejects promptly and releases a bitmap delivered later (0.316792ms)
✔ Aborting after bitmap resolves but before ownership transfer closes it once (0.178583ms)
✔ Texture construction/configuration failure releases owned resources (0.900458ms)
✔ Texture configuration also supports a caller-owned injected texture (0.054167ms)
✔ Each shipped size uses its own exact image and rejects an invalid size (0.294041ms)
✔ Night defaults to 8K while historical day defaults and all night comparison sizes remain available (0.31175ms)
✔ The shipped 8K night map matches its source manifest and texture memory estimate (9.35125ms)
✔ Night Earth shares one geometry with one atmosphere and has no unused daylight rig (17.756625ms)
✔ The coastal East Asia opening stays visible for the first ten seconds at 1280×720 (14.467792ms)
✔ The coastal East Asia opening stays visible for the first ten seconds at 2560×600 (10.222041ms)
✔ The coastal East Asia opening stays visible for the first ten seconds at 390×844 (7.587334ms)
✔ The coastal East Asia opening stays visible for the first ten seconds at 768×4096 (5.476417ms)
✔ The early pass retains distributed city-light detail across screen shapes (279.895167ms)
✔ Night lighting stays photographic and resizing reuses every loaded resource (26.493458ms)
✔ The opening waits for image readiness and respects the global active clock (10.169125ms)
✔ The shipped night asset matches its manifest, real 8K dimensions and source provenance (2.604333ms)
✔ Stars cover the edges through wide, portrait and rotated camera views (51.785208ms)
✔ Star sizes form a readable hierarchy and remain CSS-sized across DPR changes (16.152292ms)
✔ Seeded stars have visible independent modulation without a synchronized field pulse (54.541417ms)
✔ Shooting stars have quiet event spacing, small coherent groups and varied restrained peaks (21.885584ms)
✔ Sky animation stays deterministic across seeks and pauses, with no resource replacement (14.971959ms)
ℹ tests 45
ℹ suites 0
ℹ pass 45
ℹ fail 0
ℹ cancelled 0
ℹ skipped 0
ℹ todo 0
ℹ duration_ms 1671.085709
