[
  {
    "viewport": [
      2560,
      600
    ],
    "state": "orientation-resize-1/overview-camera-roll-0/drag",
    "angles": [
      -0.18,
      -0.32
    ],
    "layoutRollRadians": 1.5707963267948966,
    "viewportCompositionRadians": 0,
    "expandedHalfSpaceRows": [
      512,
      1936.834896714373
    ],
    "exactUnperturbedRows": [
      576,
      1443.207851350412
    ],
    "perturbedFrusta": 729,
    "visiblePerturbedFrusta": 729,
    "exactPerturbedRows": [
      512,
      1486.971915092865
    ],
    "textureOverflow": 0,
    "filteringFailure": 0,
    "worst": {
      "translation": [
        0,
        0,
        0.25
      ],
      "rotationQuaternion": [
        -0.02770018541701239,
        -0.02770018541701239,
        -0.02770018541701239,
        0.9988483864849507
      ],
      "sourcePixelRows": [
        576,
        1486.971915092865
      ]
    }
  },
  {
    "viewport": [
      4096,
      768
    ],
    "state": "orientation-resize-0.75/overview-camera-roll-0/drag",
    "angles": [
      -0.18,
      -0.32
    ],
    "layoutRollRadians": 1.5707963267948966,
    "viewportCompositionRadians": 0.39269908169872414,
    "expandedHalfSpaceRows": [
      512,
      1876.8891670240428
    ],
    "exactUnperturbedRows": [
      512,
      1423.21832356902
    ],
    "perturbedFrusta": 729,
    "visiblePerturbedFrusta": 729,
    "exactPerturbedRows": [
      512,
      1462.9937945109673
    ],
    "textureOverflow": 0,
    "filteringFailure": 0,
    "worst": {
      "translation": [
        0,
        0,
        0.25
      ],
      "rotationQuaternion": [
        0,
        -0.04797812852134394,
        0,
        0.9988483864849507
      ],
      "sourcePixelRows": [
        512,
        1462.9937945109673
      ]
    }
  },
  {
    "viewport": [
      4096,
      768
    ],
    "state": "orientation-resize-1/overview-camera-roll-0/drag",
    "angles": [
      -0.18,
      -0.32
    ],
    "layoutRollRadians": 1.5707963267948966,
    "viewportCompositionRadians": 0,
    "expandedHalfSpaceRows": [
      512,
      2012.9298020697456
    ],
    "exactUnperturbedRows": [
      576,
      1468.1696148700598
    ],
    "perturbedFrusta": 729,
    "visiblePerturbedFrusta": 729,
    "exactPerturbedRows": [
      512,
      1515.5549955917086
    ],
    "textureOverflow": 0,
    "filteringFailure": 0,
    "worst": {
      "translation": [
        0,
        0,
        0.25
      ],
      "rotationQuaternion": [
        -0.02770018541701239,
        -0.02770018541701239,
        -0.02770018541701239,
        0.9988483864849507
      ],
      "sourcePixelRows": [
        576,
        1515.5549955917086
      ]
    }
  },
  {
    "viewport": [
      4096,
      768
    ],
    "state": "orientation-resize-1/overview-camera-roll-0.25/drag",
    "angles": [
      -0.18,
      -0.32
    ],
    "layoutRollRadians": 1.1780972450961724,
    "viewportCompositionRadians": 0,
    "expandedHalfSpaceRows": [
      512,
      1876.8891670240428
    ],
    "exactUnperturbedRows": [
      512,
      1423.21832356902
    ],
    "perturbedFrusta": 729,
    "visiblePerturbedFrusta": 729,
    "exactPerturbedRows": [
      512,
      1463.0432311988516
    ],
    "textureOverflow": 0,
    "filteringFailure": 0,
    "worst": {
      "translation": [
        0,
        0,
        0.25
      ],
      "rotationQuaternion": [
        0,
        -0.04797812852134394,
        0,
        0.9988483864849507
      ],
      "sourcePixelRows": [
        512,
        1463.0432311988516
      ]
    }
  }
]
