
> orbital-folio@0.1.0 build
> vinext build


  vinext build  (Vite 8.2.2)

(node:65792) [DEP0205] DeprecationWarning: `module.register()` is deprecated. Use `module.registerHooks()` instead.
(Use `node --trace-deprecation ...` to show where the warning was created)
[1/5] analyze client references...
transforming...
✓ 310 modules transformed.
rendering chunks...
✓ built in 464ms
[2/5] analyze server references...
transforming...
✓ 376 modules transformed.
rendering chunks...
✓ built in 1.04s
[3/5] build rsc environment...
transforming...
✓ 301 modules transformed.
rendering chunks...
computing gzip size...
✓ built in 379ms
[4/5] build client environment...
transforming...
✓ 2164 modules transformed.
rendering chunks...
computing gzip size...
[plugin builtin:vite-reporter] 
(!) Some chunks are larger than 500 kB after minification. Consider:
- Using dynamic import() to code-split the application
- Use build.rolldownOptions.output.codeSplitting to improve chunking: https://rolldown.rs/reference/OutputOptions.codeSplitting
- Adjust chunk size limit for this warning via build.chunkSizeWarningLimit.
✓ built in 961ms
[5/5] build ssr environment...
transforming...
✓ 383 modules transformed.
rendering chunks...
computing gzip size...
✓ built in 615ms
[0m
  Route (app)
  ┌ ƒ /                
  ├ ƒ /about           
  ├ ƒ /admin           
  ├ ƒ /admin/preview   
  ├ λ /api/admin       
  ├ λ /api/admin/export
  ├ λ /api/admin/inbox 
  ├ λ /api/admin/setup 
  ├ λ /api/admin/upload
  ├ λ /api/contact     
  ├ ? /case-studies    
  ├ ƒ /contact         
  ├ ƒ /experience      
  ├ λ /icon.svg        
  ├ λ /media/:id       
  ├ ƒ /privacy         
  ├ ƒ /projects        
  ├ ƒ /projects/:slug  
  ├ λ /robots.txt      
  └ λ /sitemap.xml     

  λ API  ƒ Dynamic  ? Unknown

  ? Some routes could not be classified. vinext currently uses static analysis
    and cannot detect dynamic API usage (headers(), cookies(), etc.) at build time.
    Automatic classification will be improved in a future release.

  Build complete. Run `vinext start` to start the production server.

