
> orbital-folio@0.1.0 test
> node --test --test-concurrency=1 tests/*/*.test.mjs

✔ Small cloud fields are deterministic, nonempty and encode wrapped slopes (4.839917ms)
✔ Cloud texture preserves bytes, mip/seam settings and bounded volume material (0.431083ms)
✔ Cloud environment wide: ready, placement, pause, memory and cleanup (15.036958ms)
✔ Cloud environment compact: ready, placement, pause, memory and cleanup (6.25975ms)
✔ Malformed injection rejects and disposal prevents a queued installation (5.230625ms)
✔ HTTP already decompressed CFD1 becomes the exact cloud texture (48.613334ms)
✔ HTTP gzip archive CFD1 becomes the exact cloud texture (58.291083ms)
✔ Pending fetch aborts and late rejection does not generate or invalidate (3.10475ms)
✔ CFD1 defines channel order, little-endian dimensions, row resets and wraparound (1.182208ms)
✔ Random and extreme bytes round-trip across rows, channels, and non-power-of-two sizes (4.792958ms)
✔ Codec respects typed-array offsets and does not mutate packet bytes (0.456042ms)
✔ Malformed headers, lengths and dimensions fail before decoding (1.150167ms)
✔ Satellite conversion rejects malformed dimensions and mask payloads (0.809209ms)
✔ Original mask is preserved, including typed-array offsets, and conversion is deterministic (3.850292ms)
✔ Ocean gaps stay empty beside bright clouds; north/south orientation is unchanged (0.812834ms)
✔ Uniform thin, medium, and bright layers have increasing opacity and independently varied height (3.955958ms)
✔ An isolated bright speck remains lower than a coherent bright core, without enlarging either (3.153875ms)
✔ Smoothing and all four output channels wrap across longitude without a seam (3.861083ms)
✔ Shipped satellite atlas matches its source record and preserves ocean gaps, thin clouds, and varied heights (61.082917ms)
✔ The first click copies synchronously and restores field focus and selection (1.269416ms)
✔ Modern copying starts in the same gesture if the compatibility path is unsupported (0.11025ms)
✔ Denied or absent clipboard access is reported honestly and still cleans up (0.476375ms)
✔ call requests validate and complete as a demo without invoking any transport (14.958083ms)
✔ messages reuse the existing inbox contract while preserving optional subject/company (21.073542ms)
✔ optional metadata is counted in the existing inbox limit and never silently truncated (0.147125ms)
✔ invalid email, short text, oversized fields and impossible call dates cannot submit (0.756791ms)
✔ working submission retains honeypot and rejects delivery failures without mutating input (0.169875ms)
✔ unhydrated contact forms fail closed while preserving a no-JavaScript email alternative (91.558333ms)
✔ scroll thumb follows the pointer through independently projected scale, tilt and portrait roll (1.199208ms)
✔ collapsed or temporarily unmeasurable rails produce a safe finite origin (0.055625ms)
✔ Contact messages are durable, private, honest, bounded, and rate limited (260.454458ms)
✔ Legacy links infer exact known hosts and fill only unassigned console screens (0.83325ms)
✔ Explicit duplicate, list-only, custom and empty channels resolve predictably (0.629542ms)
✔ Published content cannot turn a console link into a script or credentialed URL (0.130042ms)
✔ Tapping a social screen activates; dragging out and back or changing screen does not (0.141416ms)
✔ Social configuration persists through draft, publish, edit and unpublish (164.513959ms)
▶ Persistent portfolio workflows and security boundaries
  ✔ anonymous and forged identities cannot read or mutate the studio (106.86675ms)
  ✔ local SIWC sign-in and first-owner claim work without a default password (16.997792ms)
  ✔ CSRF, malformed bodies, and immutable site protection reject safely (58.561541ms)
  ✔ published snapshots stay stable while drafts change; optimistic conflicts reject (356.558375ms)
  ✔ collections grow beyond scene capacity, order correctly, and reject concurrent slug collisions (195.259833ms)
  ✔ another owner can replace every site field through the authenticated content interface (327.125ms)
  ✔ public and preview presentation omit sample badges while preserving sample records (372.718167ms)
  ✔ media bytes persist privately, publish safely, and appear in a project (172.196459ms)
  ✔ script text is escaped and portable exports exclude credentials and inquiries (85.711375ms)
  ✔ all public content is present in plain HTTP HTML with meaningful metadata and URLs (480.635292ms)
  ✔ local sign-out clears the session cookie (6.260792ms)
✔ Persistent portfolio workflows and security boundaries (2996.274667ms)
✔ preserves incomplete status and rejected blocks; pools raw frames rather than row means or p95 values (1.776666ms)
✔ joins repeating frame IDs within each row and labels cohort weighting as an estimate (0.207166ms)
✔ does not fabricate weighted results when a rendered cohort has no GPU samples; reports settings differences (0.218542ms)
✔ intentional rendering changes preserve a matched view; camera and viewport changes do not (2.22675ms)
✔ drawing-buffer changes are allowed only for the intended half-resolution experiment (0.181ms)
✔ contact-shading changes are allowed only when the selected experiment disables it (0.091583ms)
✔ AO resolution, samples, shadows and other quality changes remain comparison warnings (0.13ms)
✔ confirmation restores the full normal scene and gets no resolution or AO exceptions (0.072667ms)
✔ truncated, empty and moving captures are explicitly inconclusive (0.0635ms)
✔ first/last trend windows do not overlap and use elapsed sample timestamps (0.200375ms)
✔ baseline drift requires a meaningful timing change and unavailable GPU stays unknown (0.06425ms)
✔ Long recordings retain their complete window, then shrink without resetting capture identity (11.799417ms)
✔ CPU phases partition callback time and counters report cumulative pass deltas (0.907292ms)
✔ Nearest-rank percentiles, observed frame rate and activity are derived from samples (0.162583ms)
✔ Rolling frame bounds also bound counters and exported frames cannot alter measurements (0.186875ms)
✔ Late annotations belong only to the current frame and copy nested diagnostic data (0.176333ms)
✔ Raw GPU results join to retained frames, remain opt-in and cannot mutate the collector (0.78575ms)
✔ GPU queries are sampled every 15 frames and only read asynchronously when available (0.179875ms)
✔ Long captures accept 1800 frames, remain bounded, and preserve changing room context (6.582417ms)
✔ A disjoint interval discards pending samples and resumes with valid measurements (0.215ms)
✔ Pending queries are bounded, reset drops late results, and disposal releases active queries (0.214917ms)
✔ GPU samples expire with their source frames and context loss keeps CPU timing usable (0.582041ms)
✔ Whole-frame GPU timing spans render passes without nested queries and keeps CPU phases (0.1695ms)
✔ Interrupted whole-frame GPU queries are discarded during reset, incomplete passes and disposal (0.077417ms)
✔ Actual shadow generation records a nested CPU scope without changing render delegation (2.2725ms)
✔ Disabled, unrequested and lightless draws neither count nor consume invalidation reasons (0.232458ms)
✔ Automatic or per-light requests record generated maps; unavailable counters stay null (0.0905ms)
✔ Missing collectors and interrupted draws preserve the original behavior and pending reasons (0.990084ms)
✔ Cleanup preserves a wrapper installed by a later owner (0.057458ms)
✔ Sustained recordings extend both timing and per-part count retention (5.279084ms)
✔ Per-part and room deltas count real draws while non-mesh pass work stays unattributed (0.828458ms)
✔ Callbacks preserve this, all arguments and original ordering, and restore on disposal (0.196666ms)
✔ Rolling averages include zero for absent parts, remain bounded, and separate pass invocations (0.222042ms)
✔ Filters change render-local visibility and never revive hidden variants (0.207125ms)
✔ Reset discards an incomplete draw and missing pass counters do not imply complete attribution (0.138875ms)
✔ Real batched model retains semantic room, furniture, doors, utility and exterior groups without rebatching (791.403584ms)
✖ Satellite environment wide preserves framing, active clock and owns resources (20.08975ms)
✖ Satellite environment compact preserves framing, active clock and owns resources (8.887333ms)
✔ Disposal before injected texture installation releases it without invalidating (12.767958ms)
✔ The regional surface repeats each authored period without changing resources or motion rate (32.290791ms)
✔ Failed asset keeps an inexpensive ocean and reports failure, without weather generation (22.942667ms)
✔ Unopened Earth playback preserves normal timing and exposes ready state (21.774875ms)
✔ Seeking is immediate, reversible and Earth-only even when global motion is stopped (12.783875ms)
✔ Speed and manual pause affect only Earth, without accumulating skipped time (19.858166ms)
✔ The timeline retains an explicit end seek, wraps during playback, and restores normal speed on close (7.407666ms)
✔ Playback input normalization keeps time and speed finite within supported bounds (6.719584ms)
✔ Slow image readiness and disposal remain authoritative during preview playback (24.037708ms)
✔ Earth texture decodes once with explicit orientation/color settings and transfers ownership (20.60725ms)
✔ Earth loader reports missing/invalid transfer size without inventing zero (0.786459ms)
✔ Earth loader rejects wrong dimensions and closes its rejected bitmap (0.343125ms)
✔ Earth loader propagates fetch and decode failures (0.959333ms)
✔ Earth loader does not fetch when already aborted, or decode an aborted body (0.365333ms)
✔ Aborting in-flight decode rejects promptly and releases a bitmap delivered later (0.733417ms)
✔ Aborting after bitmap resolves but before ownership transfer closes it once (0.224458ms)
✔ Texture construction/configuration failure releases owned resources (0.996041ms)
✔ Texture configuration also supports a caller-owned injected texture (0.061958ms)
✔ Regional mapping preserves source texel centers and angular density (0.227583ms)
✔ Longitude scroll preserves angular rotation, wraps exactly, and never uploads another image (0.117583ms)
✖ The shipped regional night map matches its manifest and texture memory estimate (6.811917ms)
✔ Night Earth shares one geometry with one atmosphere and has no unused daylight rig (17.626875ms)
✔ The approved Europe opening stays visible for the first ten seconds at 1280×720 (13.097042ms)
✔ Resizing crops a fixed geographic scene without moving Earth or resetting the physical camera (11.201667ms)
✔ Night lighting stays photographic and resizing reuses every loaded resource (27.231542ms)
✔ The opening waits for image readiness and respects the global active clock (9.265208ms)
✔ Homogeneous clipping retains exact boundary UVs and excludes triangles outside the frustum (1.151917ms)
✔ Shared-latitude repeat bound distinguishes a diagonal footprint from its longitude envelope (0.114875ms)
✔ Mesh UV certificate contains raycast fragment coordinates under perspective, rotation and nonuniform framing (72.073125ms)
✔ Expanded frustum certificate contains neighboring camera poses, including newly exposed silhouette triangles (13.826667ms)
✔ A wider portrait projection audits newly exposed texture rows rather than reusing the narrow-lens footprint (2.703625ms)
✔ Stars cover the edges through wide, portrait and rotated camera views (49.221ms)
✔ Star sizes form a readable hierarchy and remain CSS-sized across DPR changes (8.324ms)
✔ Seeded stars have visible independent modulation without a synchronized field pulse (55.707209ms)
✔ Shooting stars have quiet event spacing, small coherent groups and varied restrained peaks (18.397334ms)
✔ Sky animation stays deterministic across seeks and pauses, with no resource replacement (13.364792ms)
✔ an isolated surface remains white and repeated sampling is deterministic (3.830459ms)
✔ nearby static occluders darken receivers, but surfaces beyond radius do not (3.690833ms)
✔ preparation-only sizing preserves refinement and counts without casting or reporting baked AO (1.190834ms)
✔ mesh input ordering and coincident receivers do not change the bake by id (1.137666ms)
✔ world transforms affect sampling and subdivision without leaking into local output (1.443458ms)
✔ subdivision preserves area, winding, affine UV/normal fields and the original input (0.473208ms)
✔ coincident positions keep separate UV seams even when their AO samples are reused (0.361333ms)
✔ unindexed receivers are supported and empty input is reported without fabricated AO (0.249917ms)
✔ malformed geometry, unsafe settings and exhausted work budgets fail explicitly (0.997542ms)
✔ a deliberate subdivision depth limit reports incomplete refinement (0.143625ms)
✔ large outside receiver triangles stay coarse and white without consuming ray budget (0.10675ms)
✔ triangles spanning the room refine only its region and retain valid coverage (1.313459ms)
✔ reconstructs all nine polynomial terms and validates independently held-out directions (4.224542ms)
✔ constant and zero channels retain their scale without a second irradiance convolution (0.56425ms)
✔ reports approximation residuals and raw negative predictions without silently clamping (0.680541ms)
✔ supports the minimum sample count when the direction set spans the basis (0.211375ms)
✔ rejects singular and near-singular direction sets instead of fabricating coefficients (0.894833ms)
✔ rejects malformed inputs, invalid unit vectors and oversized work before solving (0.210791ms)
✔ accepts small unit-vector roundoff without mutating or normalizing supplied samples (0.538083ms)
✔ Room dimming and object feedback retain identical AO inputs and revision (21.804167ms)
✔ Every iris geometry change, including its final snap, invalidates AO (5.596917ms)
✔ Reader deployment, final snap and immediate hiding remain AO-invalidating (3.483541ms)
✔ Layout changes survive until the renderer observes their revision (3.723208ms)
✔ Metadata orientation and static catalog repainting do not invalidate AO (1.508417ms)
✔ Furniture remains centered and secondary fittings justify their available space across layout changes (5.44775ms)
✔ Upper vents share the room heading centerline and justify its wall gaps (1.492ms)
✔ Cabin additions remain passive and inside the unchanged pressure shell in both layouts (20061.64875ms)
✔ New fittings do not obscure main signs, door labels, or screens through the normal camera range (8810.281375ms)
✔ Ladder web equipment is wall-mounted, centered, and clear of both iris apertures (4.169292ms)
✔ Only the two label-side air returns remain vent-shaped in each cabin (9.679417ms)
✔ Retention and audio functions remain recognizable after grille replacement (0.194792ms)
✔ Rapid hover reversals preserve velocity and respect speed/acceleration at30/60/120Hz (2.090625ms)
✔ Camera springs converge and frozen/invalid deltas cannot advance motion (1.669625ms)
✔ Interactive-view migration updates default labels without overwriting custom or unpublished content (3.411292ms)
✔ Coalescing retains every exact geometry input, world instance matrix, color and render flag (12.105541ms)
✔ Different geometry bytes, sibling transforms, state, materials and parents remain separate (4.058458ms)
✔ Dynamic, transparent, custom shader/callback and interactive instances are rejected (1.760958ms)
✔ Transmissive physical siblings retain separate draw ordering even with transparent=false (0.323541ms)
✔ Real spacecraft batches preserve exact instances through layouts, room updates and reading transitions (2101.370583ms)
✔ Portrait fits a readable application inside the fixed glass without stretching the monitor (1.012875ms)
✔ Keyboard observation preserves default events, handles held combinations and clears lost focus (1.744583ms)
✔ Mac CapsLock stays down while enabled without timing out or disturbing held keys (1.114084ms)
✔ Mac CapsLock syncs preexisting status from ordinary keys and survives Command cleanup (0.355667ms)
✔ Mac lock fallback clears on lost focus or close and ignores out-of-scope input (0.1935ms)
✔ Physical key presses remain held until release regardless of logical lock status (0.229625ms)
✔ The Contact application clears every keyboard key throughout landscape drag, hover and entry views (1078.008958ms)
✔ wide contact audio is supported without desk, foot or cabin-wall intersections (9.424042ms)
✔ wide contact rear brackets reach the actual pressure wall and retain fixed display positions (30.791083ms)
✔ compact contact audio is supported without desk, foot or cabin-wall intersections (9.964292ms)
✔ compact contact rear brackets reach the actual pressure wall and retain fixed display positions (23.904125ms)
✔ Mac Caps Lock status drives the real cap through a long hold and an independent letter release (7.053042ms)
✔ Contact keyboard has a complete staggered typing layout and separated physical keys (0.819917ms)
✔ Shift+A depresses two independent keys, holds through repeats, and releases individually (1.2415ms)
✔ Focus-loss clearing restores every key and reduced-motion changes can settle immediately (1.78ms)
✔ Printed legends share one atlas and follow the cap motion without moving other labels (2.550417ms)
✔ Keyboard instances and the computer application anchor survive model batching and layout changes (1130.147875ms)
✔ actual exposed wall geometry returns the nearest wall and sky does no console raycasting (2.551083ms)
✔ main monitor, both socials, keyboard and desk block only their actual silhouettes (1.317667ms)
✔ blockers behind the wall do not consume it, while a flush rendered face does (0.228541ms)
✔ hidden parents, invisible materials and interaction proxies never act as rendered surfaces (0.532583ms)
✔ batched keyboard instances use their current matrices and leave the gaps selectable (1.060291ms)
✔ material groups and ray layers match the visible faces instead of hiding a whole mesh (1.236666ms)
✔ Both maintenance spanners have recognizable open jaws, substantial grasps and open retention clips (1160.331541ms)
✔ Spanners and open clips follow the curved wall and retain hatch, ladder and end-equipment clearance (1018.373375ms)
✔ Only bonded feet and post ends intersect the liner; tool bodies and open clips stand clear (44.579125ms)
✔ The complete stowed tools and clips are true reflected copies with substantial forged head depth (73.787042ms)
✔ Open jaw throats remain empty while both thick forged cheeks are visible from the room (740.172167ms)
✔ Stowed tools remain passive, nonemissive and follow the walkway dimmer (1119.336292ms)
✔ Travel hover opens the exact ordinary door and leaving releases only that request (1939.857834ms)
✔ Inside the ladder bay, travel hover cannot request an exit or infer a ladder route (757.303209ms)
✔ Both ladder entries open and queue during approach, but reject clicks from inside the bay (1211.678792ms)
✔ A pre-opened ladder preview yields to the other route hatch without pinning its interlock (1331.185208ms)
✔ Future ladder legs reserve their hatches before an opposite preview can delay entry (558.074292ms)
✔ Door clicks defer until the named arrival, consume once, and discard cancelled navigation (0.116333ms)
✔ Home, menu destinations and door clicks replace the same single pending hop (0.073958ms)
✔ A live door hover follows the moving pointer target without restoring stale focus (0.124667ms)
✔ wide exterior service housing stays behind the cabin sidewall (168.244458ms)
✔ wide exterior roof and keel keep one continuous hull finish across the cabin divider (113.889166ms)
✔ wide right exterior corners follow the rounded room envelope without rectangular overhangs (173.986875ms)
✔ wide bow joins have one flat skin with no overlapping shoulder sheets (101.57725ms)
✔ wide retained ladder dividers stop at the rear pressure wall (2.661042ms)
✔ wide rear bow patches meet the curved rear wall without overlapping it (1896.101292ms)
✔ compact exterior service housing stays behind the cabin sidewall (157.579292ms)
✔ compact exterior roof and keel keep one continuous hull finish across the cabin divider (94.589458ms)
✔ compact right exterior corners follow the rounded room envelope without rectangular overhangs (169.781834ms)
✔ compact bow joins have one flat skin with no overlapping shoulder sheets (91.82975ms)
✔ compact retained ladder dividers stop at the rear pressure wall (1.4755ms)
✔ compact rear bow patches meet the curved rear wall without overlapping it (1740.605708ms)
✔ Matching open EVA routes continue from both docking shoulders across the roof and keel, with wide-spaced rungs and capped rails (982.150083ms)
✔ Lower route stations, rungs, mounts and tether eyes reflect the upper route around the ladder center (815.854167ms)
✔ Every EVA stand-off terminates on the actual pressure skin in both layouts (1030.305709ms)
✔ The route uses existing passive exterior materials and renders physical structure without lights, textures or actions (669.587709ms)
✔ Underside construction preserves outward triangle winding and unit surface normals (742.310833ms)
✔ Roof rungs and the curved climb are exposed from supported default and hover camera views (1095.644125ms)
✔ The complete lower route is exposed by the existing near-level overview drag range (915.211084ms)
✔ Flight destinations preserve public and private readable URLs (1.365167ms)
✔ Fixed flights ease continuously and pointer translations stay bounded (0.745375ms)
✔ In-place navigation and server rendering share editable metadata (0.179166ms)
✔ Cursor rotation stays bounded and damping is independent of refresh rate (0.126833ms)
✔ wide: dark and amber finishes partition the original window surfaces without displacement or overlaid rings (1603.910041ms)
✔ compact: dark and amber finishes partition the original window surfaces without displacement or overlaid rings (1557.816667ms)
✔ Production chassis uses the exact flush reveal finish for cabin and ladder windows in both layouts (13195.069167ms)
✔ wide curved hull remains solid from exterior and grazing angles (1138.509583ms)
✔ compact curved hull remains solid from exterior and grazing angles (1006.470708ms)
✔ Offline specialization is reproducible from the installed Three source (85.763042ms)
✔ Indexed cylinders preserve exact surfaces, seams, groups, bounds and serialization across parameters (11.915541ms)
✔ Unusual unsupported inputs retain Three constructor behavior (0.243833ms)
✔ Index narrowing respects the reserved 65535 boundary and preserves every triangle (25.174292ms)
✔ Actual complete spacecraft keeps every triangle input and ownership in both layouts and editable configurations (6594.019708ms)
✔ Closed iris covers the entire aperture from both sides, including its center (499.714375ms)
✔ Every fully retracted rigid blade clears the circular passage geometrically (11.044666ms)
✔ Iris updates preserve geometry, scale, depth order, and six-fold rigid symmetry (8.63ms)
✔ The wall aperture mask stays in hatch coordinates and does not mutate shared room materials (2.152584ms)
✔ Intermediate openings stay a single central component with a sealed outer circumference (1814.129125ms)
✔ Closed overlapping leaves remain sealed at the strongly oblique room-view angles (2252.081916ms)
✔ Door occlusion matches the physical opening and cannot include concealed storage wings (225.233708ms)
✔ Integrated hatches open on hover, close on departure, and preserve room lighting (1023.930125ms)
✔ Actual C-route interlocks ladder entrances, reverses smoothly, and settles closed (935.546833ms)
✔ Door opening takes about half the original duration across refresh rates, with unchanged closing (919.383458ms)
✔ Travel seals ladder hatches at the opening rate while ordinary and hover closure stay unchanged (953.013125ms)
✔ Hover opens both faces of the first route door and transfers smoothly into travel (1055.681083ms)
✔ Rapid ladder hover changes keep the two entrances interlocked in both layouts (1056.121334ms)
✔ Every physical passage has one centered blade stack and one continuous dark guide (1034.167ms)
✔ Both wall faces use cabin paint and both blade faces share white non-emissive paint (816.869167ms)
✔ Hover lights both mouths while preserving the dark guide and single-step opening speed (1038.393625ms)
✔ Resizing with a door open cannot change overview or room framing (854.994292ms)
✔ An adjacent cabin route opens both door faces and no other connection (2.152667ms)
✔ Ladder route identifies both entrances without coupling their individual legs (0.158292ms)
✔ A full nonadjacent itinerary identifies every C-route connection (0.112625ms)
✔ Retargeting inside a threshold keeps both faces clear without stale route doors (0.08775ms)
✔ Retargeting from within the ladder retains only the approached entrance (0.091459ms)
✔ Live travel releases crossed doorways before arrival while retaining threshold clearance (0.365292ms)
✔ Ladder interlock closes the entrance before opening the exit (0.163292ms)
✔ A retarget through the current physical hatch does not close it (0.081375ms)
✔ Ordinary cabin doors open immediately without waiting for any other door (0.150917ms)
✔ Both ladder requests select only one physical hatch, preferring the hatch already open (0.176625ms)
✔ An adjacent request remains open while the ladder exit waits (0.099708ms)
✔ Only ladder exit legs hold the camera; entry and vertical travel proceed immediately (0.215166ms)
✔ Near-threshold reversals preserve the requested ladder hatch without a closure pulse (0.145708ms)
✔ Ladder exits pre-open on center departure in either direction, without opening distant cabin doors (0.2115ms)
✔ Anticipation still waits for the entry seal, and a mid-bay reversal discards the old exit (0.145125ms)
✔ A pending ladder exit permits approach up to the threshold margin without backing up a reversal (0.148291ms)
✔ Mid-bay retargeting gates only the final exit in either direction (0.371542ms)
✔ Empty immediate or overview door intent has no wait, even with a ladder hatch open (0.120416ms)
✔ Plane crossing outside the circular aperture does not open a door (0.094958ms)
✔ Coplanar movement through the opening and exact endpoints are recognized (0.078583ms)
✔ No itinerary, invalid points, and stationary distant paths require no doors (0.066167ms)
✔ Clear opening size overrides larger pick-box bounds (0.062584ms)
✔ Open ladder transfer equipment occupies both end gaps without covering the rear lamps or side doors (21.853917ms)
✔ Transfer equipment is passive, shares existing materials and follows the ladder brightness state (0.821167ms)
✔ wide: ladder partitions terminate at the reveal and both hatches clear its rounded corners (63.800917ms)
✔ compact: ladder partitions terminate at the reveal and both hatches clear its rounded corners (57.421416ms)
✔ Rounded ladder openings retain their extents, symmetry and convex contour at both layout scales (6.633666ms)
✔ All ladder aperture joins are tangent, including the enlarged right corners (0.300333ms)
✔ The actual bow outline meets the cabin roof and keel without either raised shoulder (10.812791ms)
✔ Ladder lights, end anchors, rail grips and rungs are mirrored after fitting into the bow (36.499917ms)
✔ The fitted ladder preserves the existing cabin anchors and usable room bounds in both layouts (1117.631958ms)
✔ Object highlights isolate shared materials and do not accumulate brightness (2.711458ms)
✔ The shared brightness transition is smooth and independent of refresh rate (0.353833ms)
✔ Computer and social screens retain native anchors, independent feedback and portal navigation (1219.486ms)
✔ Contact wall feedback changes only its paint and resets when the application closes (937.072ms)
✔ contact outboard equipment stays mounted inside the cabin across layout changes and never becomes a pick target (10.534625ms)
✔ experience outboard equipment stays mounted inside the cabin across layout changes and never becomes a pick target (4.139625ms)
✔ Overview identity remains at its measured layout position when the responsive lens changes (5.515291ms)
✔ Responsive overview keeps the whole spacecraft inside the safe area across the drag and room-hover envelope (52.92825ms)
✔ Short landscape overviews recover useful vessel size without reducing callout space below42px (7.751542ms)
{"layout":"wide","footprintSamples":210,"minimumRearClearance":0.00999806575298745}
{"layout":"compact","footprintSamples":210,"minimumRearClearance":0.009998065752987229}
✔ wide: complete corner backing footprints stay inside the curved exterior (1282.887041ms)
✔ compact: complete corner backing footprints stay inside the curved exterior (1098.310333ms)
✔ wide: both rear side edges are quarter-round and interior returns remain enclosed (3017.399959ms)
✔ compact: both rear side edges are quarter-round and interior returns remain enclosed (3227.098833ms)
✔ Shared room framing preserves the same projected architecture and visible navigation across viewports (28.520916ms)
✔ Adding or rearranging furniture cannot change the shared room framing (8.402584ms)
✔ Overview pointers use the true front-opening edge midpoints in both layouts (4.535916ms)
✔ wide: all eight cabin side junctions have closed rounded rear, floor and ceiling returns (94.122042ms)
✔ wide: the rounded chassis preserves the real cabin and ladder door apertures (5.537583ms)
✔ compact: all eight cabin side junctions have closed rounded rear, floor and ceiling returns (73.498334ms)
✔ compact: the rounded chassis preserves the real cabin and ladder door apertures (4.868167ms)
✔ Pointer departure does not resurrect a previously focused door or console (1.715958ms)
✔ Fast room-to-room-to-blank moves retain the final position within one frame (0.372959ms)
✔ Stationary pointer follows live targets when camera, dropdown, or visibility changes (0.126625ms)
✔ Layout events do not steal keyboard feedback but actual pointer movement does (0.185459ms)
✔ Travel, dragging, blur and cancellation clear feedback until fresh input (0.1525ms)
✔ Touch taps and drags never leave hover feedback; mouse and keyboard recover (0.112417ms)
✔ Focus blur and hidden or unmounted controls resolve to no target (0.0905ms)
✔ One scene synchronization preserves every animated transform, reader surface, light and door pick (2235.727375ms)
✔ Scene synchronization restores ownership flags even if a consumer throws (0.379625ms)
✔ Standalone model updates still immediately synchronize world matrices by default (995.56125ms)
✔ wide: rear crowns have no ladder bulge and form one closed symmetric rear envelope (445.269125ms)
✔ compact: rear crowns have no ladder bulge and form one closed symmetric rear envelope (397.967959ms)
✔ pressure mount has continuous radial shading, flat mating faces and a closed clear bore (33.4545ms)
✔ retaining ring has continuous radial shading, flat mating faces and a closed clear bore (17.697125ms)
✔ Production docking mount preserves radial normals through batching and both layouts (1062.848875ms)
✔ Ladder grilles and generic covers give way to open transfer equipment and connected service fittings (1183.450875ms)
✔ Circular handhold mounting shoes seat on the actual pressure curve through their whole backing faces (19.017958ms)
✔ Projects reduced hardware retains closed openings, exact size and useful geometry budgets (46.659791ms)
✔ About retains all fine paper layers at their original positions using shared closed cuboids (20.326875ms)
✔ Geometry savings survive production material batching in both spacecraft layouts (1207.542333ms)
✔ Stationary hull camera preserves the prior model-view matrix through travel, tilt, dolly and every roll (9.608708ms)
✔ Transferred lighting preserves the rectangular shadow projection and light direction relative to the hull (0.831666ms)
✔ Orbital camera shares the physical pose under a fixed world registration, without resetting on updates (27.54275ms)
✔ A visible ladder bay selects its exit cabin and previews the current cabin first door (1.994041ms)
✔ Ladder bay selection stays inert in overview, inside the bay and without a reachable crossing (0.108292ms)
✔ Ladder opening selections inherit travel preview and physical hatch restrictions (0.179875ms)
✔ Visible-room intent uses the same first door but preserves a nonadjacent final destination (0.089792ms)
✔ Room, doorway and Home requests share one overriding queue without losing the final room (0.111625ms)
✔ Room previews inherit the ladder entry/interlock and inside-bay exit restrictions (0.07575ms)
✔ Pressing one visible room and releasing over another cannot activate their shared first door (0.06075ms)
✔ Real rounded opening masks select visible rooms at front and oblique angles in both layouts (7.280916ms)
✔ Solid dividers, roof, rounded corners and sky cannot select a room or a doorway through the front face (1.39725ms)
✔ Inside-cabin and ladder views keep doorway picking available without selecting the back of an opening (0.553334ms)
✔ Opening masks stay invisible and replace geometry only when layout changes (0.66125ms)
✔ Actual solid cabin walls stay neutral even when the old ladder box lies behind them (17.510041ms)
✔ Actual door and guide faces remain selectable at oblique angles on all six directed portals (7.605333ms)
✔ Caption picking follows its face without extending sideways onto the wall (5.579125ms)
✔ Visible ladder opening keeps its route while overview and inside-bay restrictions remain (2.869167ms)
✔ Thicker walls retain the established cabin dimensions and C-shaped room arrangement (1192.446208ms)
✔ Rendered cabin, ladder and docking partitions measure 0.17 in both layouts (1316.709667ms)
✔ Rendered roofs, floors and the shared deck retain 0.17 walls around unchanged interiors (1078.347333ms)
✔ One continuous hatch guide spans each shared wall with only a flush lip (935.953291ms)
✔ Doors center on the visible wall with balanced margins; captions align directly above (1220.560625ms)
✔ Each wall aperture remains concentric with its iris through the full wall thickness (1118.586833ms)
ℹ tests 343
ℹ suites 0
ℹ pass 340
ℹ fail 3
ℹ cancelled 0
ℹ skipped 0
ℹ todo 0
ℹ duration_ms 161089.886625

✖ failing tests:

test at tests/orbit/earth-environment.test.mjs:43:8
✖ Satellite environment wide preserves framing, active clock and owns resources (20.08975ms)
  AssertionError [ERR_ASSERTION]: Expected values to be strictly deep-equal:
  + actual - expected

    [
      3712,
  +   384
  -   320
    ]

      at TestContext.<anonymous> (file:///Users/mikaelvincent/Documents/GitHub/orbital-folio/tests/orbit/earth-environment.test.mjs:126:12)
      at process.processTicksAndRejections (node:internal/process/task_queues:104:5)
      at async Test.run (node:internal/test_runner/test:1208:7)
      at async startSubtestAfterBootstrap (node:internal/test_runner/harness:385:3) {
    generatedMessage: true,
    code: 'ERR_ASSERTION',
    actual: [ 3712, 384 ],
    expected: [ 3712, 320 ],
    operator: 'deepStrictEqual',
    diff: 'simple'
  }

test at tests/orbit/earth-environment.test.mjs:43:8
✖ Satellite environment compact preserves framing, active clock and owns resources (8.887333ms)
  AssertionError [ERR_ASSERTION]: Expected values to be strictly deep-equal:
  + actual - expected

    [
      3712,
  +   384
  -   320
    ]

      at TestContext.<anonymous> (file:///Users/mikaelvincent/Documents/GitHub/orbital-folio/tests/orbit/earth-environment.test.mjs:126:12)
      at process.processTicksAndRejections (node:internal/process/task_queues:104:5)
      at async Test.run (node:internal/test_runner/test:1208:7)
      at async Test.processPendingSubtests (node:internal/test_runner/test:831:7) {
    generatedMessage: true,
    code: 'ERR_ASSERTION',
    actual: [ 3712, 384 ],
    expected: [ 3712, 320 ],
    operator: 'deepStrictEqual',
    diff: 'simple'
  }

test at tests/orbit/earth-satellite.test.mjs:384:6
✖ The shipped regional night map matches its manifest and texture memory estimate (6.811917ms)
  AssertionError [ERR_ASSERTION]: Expected values to be strictly deep-equal:
  + actual - expected

    {
      coreWidth: 1536,
  +   latitudeNorth: 73.125,
  +   latitudeSouth: 5.625,
  -   latitudeNorth: 75.9375,
  -   latitudeSouth: 8.4375,
      longitudePeriodDegrees: 112.5,
      sourceHeight: 4096,
      sourceWidth: 8192,
      sourceX: 3712,
      sourceY: 384

      at TestContext.<anonymous> (file:///Users/mikaelvincent/Documents/GitHub/orbital-folio/tests/orbit/earth-satellite.test.mjs:411:10)
      at async Test.run (node:internal/test_runner/test:1208:7)
      at async Test.processPendingSubtests (node:internal/test_runner/test:831:7) {
    generatedMessage: true,
    code: 'ERR_ASSERTION',
    actual: { sourceWidth: 8192, sourceHeight: 4096, sourceX: 3712, sourceY: 384, coreWidth: 1536, longitudePeriodDegrees: 112.5, latitudeNorth: 73.125, latitudeSouth: 5.625 },
    expected: { sourceWidth: 8192, sourceHeight: 4096, sourceX: 3712, sourceY: 384, coreWidth: 1536, longitudePeriodDegrees: 112.5, latitudeNorth: 75.9375, latitudeSouth: 8.4375 },
    operator: 'deepStrictEqual',
    diff: 'simple'
  }
