✔ Satellite environment wide preserves framing, active clock and owns resources (25.937833ms)
✔ Satellite environment compact preserves framing, active clock and owns resources (12.243667ms)
✔ Disposal before injected texture installation releases it without invalidating (17.033625ms)
✔ The regional surface repeats each authored period without changing resources or motion rate (37.8635ms)
✔ Failed asset keeps an inexpensive ocean and reports failure, without weather generation (39.621375ms)
✔ Unopened Earth playback preserves normal timing and exposes ready state (33.561417ms)
✔ Seeking is immediate, reversible and Earth-only even when global motion is stopped (25.9325ms)
✔ Speed and manual pause affect only Earth, without accumulating skipped time (43.641166ms)
✔ The timeline retains an explicit end seek, wraps during playback, and restores normal speed on close (15.211209ms)
✔ Playback input normalization keeps time and speed finite within supported bounds (15.05ms)
✔ Slow image readiness and disposal remain authoritative during preview playback (53.470334ms)
✔ Earth texture decodes once with explicit orientation/color settings and transfers ownership (92.30375ms)
✔ Earth loader reports missing/invalid transfer size without inventing zero (4.166625ms)
✔ Earth loader rejects wrong dimensions and closes its rejected bitmap (2.077083ms)
✔ Earth loader propagates fetch and decode failures (3.892291ms)
✔ Earth loader does not fetch when already aborted, or decode an aborted body (2.494458ms)
✔ Aborting in-flight decode rejects promptly and releases a bitmap delivered later (2.602167ms)
✔ Aborting after bitmap resolves but before ownership transfer closes it once (1.707208ms)
✔ Texture construction/configuration failure releases owned resources (4.492416ms)
✔ Texture configuration also supports a caller-owned injected texture (0.389917ms)
✔ Regional mapping preserves source texel centers and angular density (1.014042ms)
✔ Longitude scroll preserves angular rotation, wraps exactly, and never uploads another image (0.56ms)
✔ The shipped regional night map matches its manifest and texture memory estimate (1107.617625ms)
✔ Night Earth shares one geometry with one atmosphere and has no unused daylight rig (51.120833ms)
✔ The approved Europe opening stays visible for the first ten seconds at 1280×720 (38.613708ms)
✔ Resizing crops a fixed geographic scene without moving Earth or resetting the physical camera (34.355917ms)
✔ Night lighting stays photographic and resizing reuses every loaded resource (89.507166ms)
✔ The opening waits for image readiness and respects the global active clock (21.555667ms)
✔ Homogeneous clipping retains exact boundary UVs and excludes triangles outside the frustum (3.147959ms)
✔ Shared-latitude repeat bound distinguishes a diagonal footprint from its longitude envelope (0.566834ms)
✔ Mesh UV certificate contains raycast fragment coordinates under perspective, rotation and nonuniform framing (213.814709ms)
✔ Expanded frustum certificate contains neighboring camera poses, including newly exposed silhouette triangles (41.89225ms)
✔ Stars cover the edges through wide, portrait and rotated camera views (126.415708ms)
✔ Star sizes form a readable hierarchy and remain CSS-sized across DPR changes (42.755167ms)
✔ Seeded stars have visible independent modulation without a synchronized field pulse (153.490708ms)
✔ Shooting stars have quiet event spacing, small coherent groups and varied restrained peaks (56.777584ms)
✔ Sky animation stays deterministic across seeks and pauses, with no resource replacement (37.088875ms)
✔ Shared room framing preserves the same projected architecture and visible navigation across viewports (48.05475ms)
✔ Adding or rearranging furniture cannot change the shared room framing (12.683833ms)
✔ Overview pointers use the true front-opening edge midpoints in both layouts (9.301833ms)
✔ Stationary hull camera preserves the prior model-view matrix through travel, tilt, dolly and every roll (19.468167ms)
✔ Transferred lighting preserves the rectangular shadow projection and light direction relative to the hull (1.412291ms)
✔ Orbital camera shares the physical pose under a fixed world registration, without resetting on updates (49.738583ms)
ℹ tests 43
ℹ suites 0
ℹ pass 43
ℹ fail 0
ℹ cancelled 0
ℹ skipped 0
ℹ todo 0
ℹ duration_ms 7524.398917
