✔ journal Markdown preserves authored whitespace, ordering and sample metadata without changing existing drafts (10.560417ms)
✔ authored notebook pages round-trip whitespace and fenced markers while server limits each page independently (0.3475ms)
✔ journal publication resolves only authored media and transitive video dependencies without publishing unrelated private files (11.295792ms)
✔ journal soft line breaks remain visible while code and default project/case-study Markdown keep their original semantics (18.246791ms)
✔ Studio journal editing uses shared Markdown preview and managed media controls while retaining only journal fields (102.098917ms)
✔ journal editor exposes authored pages and keeps fitting pending until the shared paper renderer measures them (72.955834ms)
✔ journal paper fit includes the biography from the prospective published notebook, ignoring unrelated private drafts (19.916666ms)
✔ About Reading view exposes complete Markdown chapters and media safely with distinct per-chapter heading anchors (96.9425ms)
✔ first save derives a URL while subsequent title edits preserve authored slugs and legacy story (0.809958ms)
✔ media insertion replaces only the selected text and produces safe managed image/video references (0.142959ms)
✔ explicit media publication includes referenced dependencies in order and excludes unrelated private files (10.077625ms)
✔ missing references remain actionable instead of crashing the editor or reporting ready (0.130875ms)
✔ upload limits distinguish images, video and captions before submitting (0.107958ms)
ℹ tests 13
ℹ suites 0
ℹ pass 13
ℹ fail 0
ℹ cancelled 0
ℹ skipped 0
ℹ todo 0
ℹ duration_ms 473.374416
