✔ journal Markdown preserves authored whitespace, ordering and sample metadata without changing existing drafts (22.419541ms)
✔ authored notebook pages round-trip whitespace and fenced markers while server limits each page independently (0.750875ms)
✔ journal publication resolves only authored media and transitive video dependencies without publishing unrelated private files (21.346708ms)
✔ journal soft line breaks remain visible while code and default project/case-study Markdown keep their original semantics (37.479041ms)
✔ Studio journal editing uses shared Markdown preview and managed media controls while retaining only journal fields (197.8865ms)
✔ journal editor exposes authored pages and keeps fitting pending until the shared paper renderer measures them (139.347584ms)
✔ About Reading view exposes complete Markdown chapters and media safely with distinct per-chapter heading anchors (191.796334ms)
✔ first save derives a URL while subsequent title edits preserve authored slugs and legacy story (1.999208ms)
✔ media insertion replaces only the selected text and produces safe managed image/video references (0.249834ms)
✔ explicit media publication includes referenced dependencies in order and excludes unrelated private files (20.047417ms)
✔ missing references remain actionable instead of crashing the editor or reporting ready (0.299083ms)
✔ upload limits distinguish images, video and captions before submitting (0.242834ms)
ℹ tests 12
ℹ suites 0
ℹ pass 12
ℹ fail 0
ℹ cancelled 0
ℹ skipped 0
ℹ todo 0
ℹ duration_ms 817.749875
