{
  "output": "/Users/mikaelvincent/Documents/GitHub/orbital-folio/docs/evidence/portrait-right-drag/coverage-phone-desktop.json",
  "mesh": "desktop128x96",
  "scenarios": 5510,
  "visibleScenarios": 4859,
  "latitudeRange": [
    24.63566,
    69.375004
  ],
  "original8192x4096PixelRows": [
    469,
    1488
  ],
  "maxSimultaneousLongitudeSpan": 84.375,
  "maxSameLatitudeLongitudeSpan": 84.375,
  "continuousPoseNeighborhood": {
    "positionTolerance": 0.25,
    "planeAngleToleranceDegrees": 5.5,
    "sourcePixelRows": [
      469.333251953125,
      1792
    ],
    "fixedSeamClearanceDegrees": 115.3125,
    "conservativeGlobalLongitudeSpan": 87.1875,
    "note": "A mathematical superset for any camera within the stated translation distance and frustum-plane angular difference of an audited pose. This is not a proof that every production trajectory or unbounded viewport is covered by those neighborhoods."
  },
  "fixedLongitudeRange": [
    -22.5,
    61.875
  ],
  "minimumFixedAntimeridianClearanceDegrees": 118.125,
  "proposedOriginalPixelCrop": {
    "x": 3712,
    "y": 384,
    "width": 2560,
    "height": 1536,
    "longitudePeriodDegrees": 112.5,
    "repeatPeriodSecondsAt0045RadSec": 436.33231299858244,
    "latitudeRange": [
      5.625,
      73.125
    ],
    "baseFootprintMinimumHeightRows": 1323,
    "guardedCropMarginRows": {
      "north": 85.333251953125,
      "south": 128
    },
    "filteringAllowance": {
      "rowsEachEdge": 64,
      "includedWithinCrop": true,
      "recommendedGridMultiple": 128,
      "minimumGridAlignedHeightWith64RowAllowance": 1536,
      "scope": "Practical authored margin; not a guarantee of pixel equality at every mip level. Coarse mip texels can summarize arbitrarily remote rows."
    },
    "textureRepeat": [
      3.2,
      2.6666666666666665
    ],
    "textureOffset": [
      -1.45,
      -1.4166666666666667
    ],
    "fixedSphereUvSeam": {
      "usesScrollingUv": true,
      "sampledSeamClearanceDegrees": 118.125,
      "guardedSeamClearanceDegrees": 115.3125,
      "integerLongitudinalRepeat": false,
      "u0WrappedPhase": 0.55,
      "u1WrappedPhase": 0.7500000000000002,
      "phaseDifference": 0.20000000000000018,
      "completeTurnTexturePeriods": 3.2,
      "wouldRemainContinuousIfSphereRotated": false,
      "remainingCheck": "Authored first/last columns and filtered mip levels must be visually continuous; this audit does not decode or sample image pixels."
    },
    "sampledLongitudeSpanMarginDegrees": 28.125,
    "sampledLatitudeMarginDegrees": {
      "north": 3.749996,
      "south": 19.01066
    },
    "caveat": "Finite sampled coverage, not a proof for arbitrary browser aspect ratios or every spring trajectory. Crop retains original texel density; source/repaint quality and visual continuity require image checks."
  },
  "tileCandidates": [
    {
      "width": 1536,
      "longitudePeriodDegrees": 67.5,
      "periodSeconds": 261.79938779914943,
      "sampledSameLatitudeSpanMarginDegrees": -16.875,
      "sampledSpanMarginDegrees": -16.875
    },
    {
      "width": 2048,
      "longitudePeriodDegrees": 90,
      "periodSeconds": 349.0658503988659,
      "sampledSameLatitudeSpanMarginDegrees": 5.625,
      "sampledSpanMarginDegrees": 5.625
    },
    {
      "width": 2304,
      "longitudePeriodDegrees": 101.25,
      "periodSeconds": 392.69908169872417,
      "sampledSameLatitudeSpanMarginDegrees": 16.875,
      "sampledSpanMarginDegrees": 16.875
    },
    {
      "width": 2560,
      "longitudePeriodDegrees": 112.5,
      "periodSeconds": 436.33231299858244,
      "sampledSameLatitudeSpanMarginDegrees": 28.125,
      "sampledSpanMarginDegrees": 28.125
    },
    {
      "width": 3072,
      "longitudePeriodDegrees": 135,
      "periodSeconds": 523.5987755982989,
      "sampledSameLatitudeSpanMarginDegrees": 50.625,
      "sampledSpanMarginDegrees": 50.625
    },
    {
      "width": 3584,
      "longitudePeriodDegrees": 157.5,
      "periodSeconds": 610.8652381980154,
      "sampledSameLatitudeSpanMarginDegrees": 73.125,
      "sampledSpanMarginDegrees": 73.125
    },
    {
      "width": 4096,
      "longitudePeriodDegrees": 180,
      "periodSeconds": 698.1317007977318,
      "sampledSameLatitudeSpanMarginDegrees": 95.625,
      "sampledSpanMarginDegrees": 95.625
    }
  ],
  "byViewport": [
    {
      "viewport": [
        390,
        844
      ],
      "verticalFieldOfView": 73.38403101444618,
      "longitudeMaxSpan": 84.375,
      "latitudeRange": [
        24.63566,
        69.375004
      ],
      "fixedAntimeridianClearance": 118.125
    }
  ],
  "maximumSpanScenarios": [
    {
      "viewport": [
        390,
        844
      ],
      "state": "orientation-resize-0.75/overview-camera-roll-0/drag",
      "angles": [
        -0.32,
        0.32
      ],
      "layoutRollRadians": 0,
      "longitude": {
        "start": -22.5,
        "endUnwrapped": 61.875,
        "span": 84.375
      },
      "latitude": [
        39.21423,
        69.375004
      ],
      "sourcePixelRows": [
        469.333251953125,
        1155.6584072313567
      ],
      "maximumSameLatitudeLongitudeSpan": 84.375
    },
    {
      "viewport": [
        390,
        844
      ],
      "state": "orientation-resize-1/overview-camera-roll-0.25/drag",
      "angles": [
        -0.32,
        0.32
      ],
      "layoutRollRadians": 0.39269908169872414,
      "longitude": {
        "start": -22.5,
        "endUnwrapped": 61.875,
        "span": 84.375
      },
      "latitude": [
        39.21423,
        69.375004
      ],
      "sourcePixelRows": [
        469.333251953125,
        1155.6584072313563
      ],
      "maximumSameLatitudeLongitudeSpan": 84.375
    },
    {
      "viewport": [
        390,
        844
      ],
      "state": "orientation-resize-0/overview-camera-roll-1/drag",
      "angles": [
        0.32,
        -0.4
      ],
      "layoutRollRadians": 1.5707963267948966,
      "longitude": {
        "start": -22.5,
        "endUnwrapped": 59.0625,
        "span": 81.5625
      },
      "latitude": [
        40.640542,
        67.5
      ],
      "sourcePixelRows": [
        512,
        1123.2018964235408
      ],
      "maximumSameLatitudeLongitudeSpan": 77.77094377387854
    },
    {
      "viewport": [
        390,
        844
      ],
      "state": "orientation-resize-1/overview-camera-roll-0/drag",
      "angles": [
        -0.32,
        0.32
      ],
      "layoutRollRadians": 0,
      "longitude": {
        "start": -17.987071,
        "endUnwrapped": 61.875,
        "span": 79.862071
      },
      "latitude": [
        39.505588,
        69.375004
      ],
      "sourcePixelRows": [
        469.333251953125,
        1149.02839670107
      ],
      "maximumSameLatitudeLongitudeSpan": 77.04957101027045
    },
    {
      "viewport": [
        390,
        844
      ],
      "state": "travel-projects/return/drag--1-1/5",
      "angles": [
        0,
        0
      ],
      "layoutRollRadians": 0.10134807481690435,
      "longitude": {
        "start": -22.5,
        "endUnwrapped": 56.25,
        "span": 78.75
      },
      "latitude": [
        42.260515,
        67.5
      ],
      "sourcePixelRows": [
        512,
        1086.3384967293364
      ],
      "maximumSameLatitudeLongitudeSpan": 73.125
    },
    {
      "viewport": [
        390,
        844
      ],
      "state": "travel-experience/return/drag--1-1/5",
      "angles": [
        0,
        0
      ],
      "layoutRollRadians": 0.10134807481690435,
      "longitude": {
        "start": -22.5,
        "endUnwrapped": 56.25,
        "span": 78.75
      },
      "latitude": [
        42.298833,
        69.375004
      ],
      "sourcePixelRows": [
        469.333251953125,
        1085.4665583057144
      ],
      "maximumSameLatitudeLongitudeSpan": 73.125
    },
    {
      "viewport": [
        390,
        844
      ],
      "state": "travel-about/return/drag--1-1/5",
      "angles": [
        0,
        0
      ],
      "layoutRollRadians": 0.10134807481690435,
      "longitude": {
        "start": -22.5,
        "endUnwrapped": 56.25,
        "span": 78.75
      },
      "latitude": [
        42.273658,
        67.5
      ],
      "sourcePixelRows": [
        512,
        1086.0394304401598
      ],
      "maximumSameLatitudeLongitudeSpan": 73.125
    },
    {
      "viewport": [
        390,
        844
      ],
      "state": "travel-contact/return/drag--1-1/5",
      "angles": [
        0,
        0
      ],
      "layoutRollRadians": 0.10134807481690435,
      "longitude": {
        "start": -22.5,
        "endUnwrapped": 56.25,
        "span": 78.75
      },
      "latitude": [
        42.311975,
        69.375004
      ],
      "sourcePixelRows": [
        469.333251953125,
        1085.1674920165383
      ],
      "maximumSameLatitudeLongitudeSpan": 73.125
    },
    {
      "viewport": [
        390,
        844
      ],
      "state": "travel-projects/outbound/drag--1--1/14",
      "angles": [
        0,
        0
      ],
      "layoutRollRadians": 0.5444684895273109,
      "longitude": {
        "start": -19.18606,
        "endUnwrapped": 59.0625,
        "span": 78.24856
      },
      "latitude": [
        42.762923,
        67.5
      ],
      "sourcePixelRows": [
        512,
        1074.9059292987326
      ],
      "maximumSameLatitudeLongitudeSpan": 75.9375
    },
    {
      "viewport": [
        390,
        844
      ],
      "state": "travel-about/outbound/drag--1--1/14",
      "angles": [
        0,
        0
      ],
      "layoutRollRadians": 0.5444684895273109,
      "longitude": {
        "start": -19.113567,
        "endUnwrapped": 59.0625,
        "span": 78.176067
      },
      "latitude": [
        42.77244,
        67.5
      ],
      "sourcePixelRows": [
        512,
        1074.6893619739972
      ],
      "maximumSameLatitudeLongitudeSpan": 75.9375
    },
    {
      "viewport": [
        390,
        844
      ],
      "state": "travel-experience/outbound/drag--1--1/14",
      "angles": [
        0,
        0
      ],
      "layoutRollRadians": 0.5444684895273109,
      "longitude": {
        "start": -19.047845,
        "endUnwrapped": 59.0625,
        "span": 78.110345
      },
      "latitude": [
        42.790652,
        67.5
      ],
      "sourcePixelRows": [
        512,
        1074.2749495602966
      ],
      "maximumSameLatitudeLongitudeSpan": 75.9375
    },
    {
      "viewport": [
        390,
        844
      ],
      "state": "travel-contact/outbound/drag--1--1/14",
      "angles": [
        0,
        0
      ],
      "layoutRollRadians": 0.5444684895273109,
      "longitude": {
        "start": -18.975352,
        "endUnwrapped": 59.0625,
        "span": 78.037852
      },
      "latitude": [
        42.800169,
        69.375004
      ],
      "sourcePixelRows": [
        469.333251953125,
        1074.058382235562
      ],
      "maximumSameLatitudeLongitudeSpan": 75.9375
    }
  ]
}
