
> orbital-folio@0.1.0 build
> vinext build


  vinext build  (Vite 8.2.2)

(node:25085) [DEP0205] DeprecationWarning: `module.register()` is deprecated. Use `module.registerHooks()` instead.
(Use `node --trace-deprecation ...` to show where the warning was created)
[1/5] analyze client references...
transforming...
✓ 310 modules transformed.
rendering chunks...
✓ built in 1.18s
[2/5] analyze server references...
transforming...
✓ 382 modules transformed.
rendering chunks...
✓ built in 3.31s
[33m[PLUGIN_TIMINGS] [0mPlugin hooks ran for 3.3s of this 3.3s build (99%).
3 hooks are listed without a time. Their calls overlapped, so the time inside one call includes work from other calls. To find their cost, profile the build with `node --cpu-prof`:
  - vinext:og-inline-fetch-assets resolveId (1080 calls)
  - alias resolveId (1260 calls)
  - vinext:optimize-imports transform (253 calls)
See https://rolldown.rs/reference/InputOptions.checks#plugintimings for more details.

[3/5] build rsc environment...
transforming...
✓ 301 modules transformed.
rendering chunks...
computing gzip size...
✓ built in 1.24s
[4/5] build client environment...
transforming...
✓ 2170 modules transformed.
rendering chunks...
computing gzip size...
[plugin builtin:vite-reporter] 
(!) Some chunks are larger than 500 kB after minification. Consider:
- Using dynamic import() to code-split the application
- Use build.rolldownOptions.output.codeSplitting to improve chunking: https://rolldown.rs/reference/OutputOptions.codeSplitting
- Adjust chunk size limit for this warning via build.chunkSizeWarningLimit.
✓ built in 3.71s
[33m[PLUGIN_TIMINGS] [0mPlugin hooks ran for 3.3s of this 3.7s build (89%).
3 hooks are listed without a time. Their calls overlapped, so the time inside one call includes work from other calls. To find their cost, profile the build with `node --cpu-prof`:
  - vinext:og-inline-fetch-assets resolveId (6478 calls)
  - alias resolveId (6676 calls)
  - rsc:use-server transform (2170 calls)
See https://rolldown.rs/reference/InputOptions.checks#plugintimings for more details.

[5/5] build ssr environment...
transforming...
✓ 389 modules transformed.
rendering chunks...
computing gzip size...
✓ built in 2.17s
[0m
  Route (app)
  ┌ ƒ /                
  ├ ƒ /about           
  ├ ƒ /admin           
  ├ ƒ /admin/preview   
  ├ λ /api/admin       
  ├ λ /api/admin/export
  ├ λ /api/admin/inbox 
  ├ λ /api/admin/setup 
  ├ λ /api/admin/upload
  ├ λ /api/contact     
  ├ ? /case-studies    
  ├ ƒ /contact         
  ├ ƒ /experience      
  ├ λ /icon.svg        
  ├ λ /media/:id       
  ├ ƒ /privacy         
  ├ ƒ /projects        
  ├ ƒ /projects/:slug  
  ├ λ /robots.txt      
  └ λ /sitemap.xml     

  λ API  ƒ Dynamic  ? Unknown

  ? Some routes could not be classified. vinext currently uses static analysis
    and cannot detect dynamic API usage (headers(), cookies(), etc.) at build time.
    Automatic classification will be improved in a future release.

  Build complete. Run `vinext start` to start the production server.

