
> orbital-folio@0.1.0 build
> vinext build


  vinext build  (Vite 8.2.2)

(node:34353) [DEP0205] DeprecationWarning: `module.register()` is deprecated. Use `module.registerHooks()` instead.
(Use `node --trace-deprecation ...` to show where the warning was created)
[1/5] analyze client references...
transforming...
✓ 310 modules transformed.
rendering chunks...
✓ built in 1.93s
[2/5] analyze server references...
transforming...
✓ 384 modules transformed.
rendering chunks...
✓ built in 4.28s
[33m[PLUGIN_TIMINGS] [0mPlugin hooks ran for 4.2s of this 4.3s build (100%).
The slowest hooks, timed inside each callback (the wait before a callback starts is excluded, the time it awaits is included):
  - vinext:typeof-window-scan transform (34%, 1.4s, 19 calls)
  - vinext:ignore-dynamic-requests transform (25%, 1.0s, 43 calls)
Additional hook time came from the hooks below and from hooks under 1s.
3 hooks are listed without a time. Their calls overlapped, so the time inside one call includes work from other calls. To find their cost, profile the build with `node --cpu-prof`:
  - vinext:og-inline-fetch-assets resolveId (1084 calls)
  - alias resolveId (1264 calls)
  - vinext:optimize-imports transform (254 calls)
See https://rolldown.rs/reference/InputOptions.checks#plugintimings for more details.

[3/5] build rsc environment...
transforming...
✓ 301 modules transformed.
rendering chunks...
computing gzip size...
✓ built in 1.99s
[4/5] build client environment...
transforming...
✓ 2172 modules transformed.
rendering chunks...
computing gzip size...
[plugin builtin:vite-reporter] 
(!) Some chunks are larger than 500 kB after minification. Consider:
- Using dynamic import() to code-split the application
- Use build.rolldownOptions.output.codeSplitting to improve chunking: https://rolldown.rs/reference/OutputOptions.codeSplitting
- Adjust chunk size limit for this warning via build.chunkSizeWarningLimit.
✓ built in 3.92s
[33m[PLUGIN_TIMINGS] [0mPlugin hooks ran for 3.4s of this 3.9s build (89%).
2 hooks are listed without a time. Their calls overlapped, so the time inside one call includes work from other calls. To find their cost, profile the build with `node --cpu-prof`:
  - vinext:og-inline-fetch-assets resolveId (6482 calls)
  - alias resolveId (6680 calls)
See https://rolldown.rs/reference/InputOptions.checks#plugintimings for more details.

[5/5] build ssr environment...
transforming...
✓ 391 modules transformed.
rendering chunks...
computing gzip size...
✓ built in 2.63s
[0m
  Route (app)
  ┌ ƒ /                
  ├ ƒ /about           
  ├ ƒ /admin           
  ├ ƒ /admin/preview   
  ├ λ /api/admin       
  ├ λ /api/admin/export
  ├ λ /api/admin/inbox 
  ├ λ /api/admin/setup 
  ├ λ /api/admin/upload
  ├ λ /api/contact     
  ├ ? /case-studies    
  ├ ƒ /contact         
  ├ ƒ /experience      
  ├ λ /icon.svg        
  ├ λ /media/:id       
  ├ ƒ /privacy         
  ├ ƒ /projects        
  ├ ƒ /projects/:slug  
  ├ λ /robots.txt      
  └ λ /sitemap.xml     

  λ API  ƒ Dynamic  ? Unknown

  ? Some routes could not be classified. vinext currently uses static analysis
    and cannot detect dynamic API usage (headers(), cookies(), etc.) at build time.
    Automatic classification will be improved in a future release.

  Build complete. Run `vinext start` to start the production server.

